// Jest Snapshot v1, https://goo.gl/fbAQLP

exports[`NHSFooter component rendered component should match snapshot 1`] = `
<div>
  <footer>
    <div
      class="nhsuk-footer"
    >
      <div
        class="nhsuk-width-container"
      >
        <h2
          class="nhsuk-u-visually-hidden"
        >
          Support links
        </h2>
        <ul
          class="nhsuk-footer__list"
        >
          <li
            class="nhsuk-footer__list-item"
          >
            <a
              aria-label="Github Profile"
              class="nhsuk-footer__list-item-link"
              href="https://github.com/worti3"
              rel="noreferrer"
              target="_blank"
            >
              Github
            </a>
          </li>
        </ul>
      </div>
    </div>
  </footer>
</div>
`;
